// Jest Snapshot v1, https://goo.gl/fbAQLP

exports[`<DirectionsMap /> component should match the snapshot 1`] = `
<div
  className="map-container"
>
  <div />
</div>
`;
