// Jest Snapshot v1, https://goo.gl/fbAQLP

exports[`<Directions /> component should match the snapshot 1`] = `
<div
  className="directions-container"
>
  <div
    className="direction-form-container"
  >
    <div
      className="directions-form"
    >
      <div
        className="rows"
      >
        <p>
          Start Location
        </p>
        <input
          className="input-map"
          name="startLocation"
          onChange={[Function]}
          type="text"
        />
      </div>
      <div
        className="rows"
      >
        <p>
          Drop off Location
        </p>
        <input
          className="input-map"
          name="dropLocation"
          onChange={[Function]}
          type="text"
        />
      </div>
      <div
        className="form-control"
      >
        <button
          className="btn"
          onClick={[Function]}
        >
          Submit
        </button>
        <button
          className="btn"
          onClick={[Function]}
        >
          Reset
        </button>
      </div>
    </div>
    <div
      className="directions-route-info"
    />
  </div>
  <div
    className="direction-map-container"
  >
    <div
      className="map-container"
    >
      <div />
    </div>
  </div>
</div>
`;
