// Jest Snapshot v1, https://goo.gl/fbAQLP

exports[`<DisplayTemplate /> component should match the snapshot 1`] = `
<div
  className="display-info"
>
  <div
    className="label"
  >
    : 
  </div>
  <div
    className="value"
  >
     
  </div>
</div>
`;
